Evolve@EVL-17319 MINGW64 ~/OneDrive/Desktop (master)
$ git init
Reinitialized existing Git repository in C:/Users/Evolve/OneDrive/Desktop/.git/

Evolve@EVL-17319 MINGW64 ~/OneDrive/Desktop (master)
$ git remote add origin https://github.com/psupriyav/vishnu.git
error: remote origin already exists.

Evolve@EVL-17319 MINGW64 ~/OneDrive/Desktop (master)
$ git remote add origin https://github.com/psupriyav/vishnu.git
error: remote origin already exists.

Evolve@EVL-17319 MINGW64 ~/OneDrive/Desktop (master)
$ git config --global user.name psupriyav

Evolve@EVL-17319 MINGW64 ~/OneDrive/Desktop (master)
$ git config --global user.email vishnudaspawar@gmail.com

Evolve@EVL-17319 MINGW64 ~/OneDrive/Desktop (master)
$ git config --global --list
user.name=psupriyav
user.email=vishnudaspawar@gmail.com

Evolve@EVL-17319 MINGW64 ~/OneDrive/Desktop (master)
$ git status
